error: Only TupleStruct with a single `u32`, `u64` or `u128` is supported, i.e. `struct Id(u128);`
  --> $DIR/invalid-struct-fields.rs:15:11
   |
15 |   struct Id {
   |  ___________^
16 | |     id: u128,
17 | | }
   | |_^
